// Jest Snapshot v1, https://goo.gl/fbAQLP

exports[`should render paragraph for each item that has been passed through props 1`] = `
<h1>
  Hello from 
  TypeScript
   and 
  React
  !
</h1>
`;
